cargo : warning: elided lifetime has a name
所在位置 行:1 字符: 16
+ ... e:\www\ijc; cargo test text_parse_fixtures -- --nocapture 2>&1 | Out- ...
+                 ~~~~~~~~~~~~~~~~~~~~~~~~~~~~~~~~~~~~~~~~~~~~~~~~~~
    + CategoryInfo          : NotSpecified: (warning: elided lifetime has a name:String) [], RemoteException
    + FullyQualifiedErrorId : NativeCommandError
 
  --> src\parser.rs:77:39
   |
77 | fn case<'a>(i: &'a str) -> ParseResult<Node<'a>> {
   |         --                            ^ this elided lifetime gets resolved as `'a`
   |         |
   |         lifetime `'a` declared here
   |
   = note: `#[warn(elided_named_lifetimes)]` on by default

warning: elided lifetime has a name
  --> src\parser.rs:83:42
   |
83 | fn default<'a>(i: &'a str) -> ParseResult<Node<'a>> {
   |            --                            ^ this elided lifetime gets resolved as `'a`
   |            |
   |            lifetime `'a` declared here

warning: elided lifetime has a name
  --> src\parser.rs:89:42
   |
89 | fn labeled<'a>(i: &'a str) -> ParseResult<Node<'a>> {
   |            --                            ^ this elided lifetime gets resolved as `'a`
   |            |
   |            lifetime `'a` declared here

warning: elided lifetime has a name
  --> src\parser.rs:95:48
   |
95 | pub fn statement<'a>(i: &'a str) -> ParseResult<Node<'a>> {
   |                  --                            ^ this elided lifetime gets resolved as `'a`
   |                  |
   |                  lifetime `'a` declared here

warning: elided lifetime has a name
   --> src\parser.rs:103:54
    |
103 | fn ts_type_declaration<'a>(i: &'a str) -> ParseResult<Node<'a>> {
    |                        --                            ^ this elided lifetime gets resolved as `'a`
    |                        |
    |                        lifetime `'a` declared here

warning: elided lifetime has a name
   --> src\parser.rs:175:40
    |
175 | fn gotos<'a>(i: &'a str) -> ParseResult<Node<'a>> {
    |          --                            ^ this elided lifetime gets resolved as `'a`
    |          |
    |          lifetime `'a` declared here

warning: elided lifetime has a name
   --> src\parser.rs:195:42
    |
195 | fn imports<'a>(i: &'a str) -> ParseResult<Node<'a>> {
    |            --                            ^ this elided lifetime gets resolved as `'a`
    |            |
    |            lifetime `'a` declared here

warning: elided lifetime has a name
   --> src\parser.rs:201:42
    |
201 | fn exports<'a>(i: &'a str) -> ParseResult<Node<'a>> {
    |            --                            ^ this elided lifetime gets resolved as `'a`
    |            |
    |            lifetime `'a` declared here

warning: elided lifetime has a name
   --> src\parser.rs:208:44
    |
208 | fn try_catch<'a>(i: &'a str) -> ParseResult<Node<'a>> {
    |              --                            ^ this elided lifetime gets resolved as `'a`
    |              |
    |              lifetime `'a` declared here

warning: elided lifetime has a name
   --> src\parser.rs:214:40
    |
214 | fn catch<'a>(i: &'a str) -> ParseResult<Node<'a>> {
    |          --                            ^ this elided lifetime gets resolved as `'a`
    |          |
    |          lifetime `'a` declared here

warning: elided lifetime has a name
   --> src\parser.rs:220:41
    |
220 | fn switch<'a>(i: &'a str) -> ParseResult<Node<'a>> {
    |           --                            ^ this elided lifetime gets resolved as `'a`
    |           |
    |           lifetime `'a` declared here

warning: elided lifetime has a name
   --> src\parser.rs:226:39
    |
226 | fn cont<'a>(i: &'a str) -> ParseResult<Node<'a>> {
    |         --                            ^ this elided lifetime gets resolved as `'a`
    |         |
    |         lifetime `'a` declared here

warning: elided lifetime has a name
   --> src\parser.rs:231:38
    |
231 | fn brk<'a>(i: &'a str) -> ParseResult<Node<'a>> {
    |        --                            ^ this elided lifetime gets resolved as `'a`
    |        |
    |        lifetime `'a` declared here

warning: elided lifetime has a name
   --> src\parser.rs:236:38
    |
236 | fn ret<'a>(i: &'a str) -> ParseResult<Node<'a>> {
    |        --                            ^ this elided lifetime gets resolved as `'a`
    |        |
    |        lifetime `'a` declared here

warning: elided lifetime has a name
   --> src\parser.rs:241:39
    |
241 | fn thrw<'a>(i: &'a str) -> ParseResult<Node<'a>> {
    |         --                            ^ this elided lifetime gets resolved as `'a`
    |         |
    |         lifetime `'a` declared here

warning: elided lifetime has a name
   --> src\parser.rs:246:46
    |
246 | fn declaration<'a>(i: &'a str) -> ParseResult<Node<'a>> {
    |                --                            ^ this elided lifetime gets resolved as `'a`
    |                |
    |                lifetime `'a` declared here

warning: elided lifetime has a name
   --> src\parser.rs:252:44
    |
252 | fn condition<'a>(i: &'a str) -> ParseResult<Node<'a>> {
    |              --                            ^ this elided lifetime gets resolved as `'a`
    |              |
    |              lifetime `'a` declared here

warning: elided lifetime has a name
   --> src\parser.rs:258:45
    |
258 | fn while_loop<'a>(i: &'a str) -> ParseResult<Node<'a>> {
    |               --                            ^ this elided lifetime gets resolved as `'a`
    |               |
    |               lifetime `'a` declared here

warning: elided lifetime has a name
   --> src\parser.rs:263:42
    |
263 | fn do_loop<'a>(i: &'a str) -> ParseResult<Node<'a>> {
    |            --                            ^ this elided lifetime gets resolved as `'a`
    |            |
    |            lifetime `'a` declared here

warning: elided lifetime has a name
   --> src\parser.rs:268:43
    |
268 | fn for_loop<'a>(i: &'a str) -> ParseResult<Node<'a>> {
    |             --                            ^ this elided lifetime gets resolved as `'a`
    |             |
    |             lifetime `'a` declared here

warning: elided lifetime has a name
   --> src\parser.rs:274:43
    |
274 | fn for_trio<'a>(i: &'a str) -> ParseResult<Node<'a>> {
    |             --                            ^ this elided lifetime gets resolved as `'a`
    |             |
    |             lifetime `'a` declared here

warning: elided lifetime has a name
   --> src\parser.rs:281:41
    |
281 | fn for_of<'a>(i: &'a str) -> ParseResult<Node<'a>> {
    |           --                            ^ this elided lifetime gets resolved as `'a`
    |           |
    |           lifetime `'a` declared here

warning: elided lifetime has a name
   --> src\parser.rs:286:41
    |
286 | fn for_in<'a>(i: &'a str) -> ParseResult<Node<'a>> {
    |           --                            ^ this elided lifetime gets resolved as `'a`
    |           |
    |           lifetime `'a` declared here

warning: elided lifetime has a name
   --> src\parser.rs:291:39
    |
291 | fn with<'a>(i: &'a str) -> ParseResult<Node<'a>> {
    |         --                            ^ this elided lifetime gets resolved as `'a`
    |         |
    |         lifetime `'a` declared here

warning: elided lifetime has a name
   --> src\parser.rs:296:43
    |
296 | fn variable<'a>(i: &'a str) -> ParseResult<Node<'a>> {
    |             --                            ^ this elided lifetime gets resolved as `'a`
    |             |
    |             lifetime `'a` declared here

warning: elided lifetime has a name
   --> src\parser.rs:301:49
    |
301 | pub fn expression<'a>(i: &'a str) -> ParseResult<Node<'a>> {
    |                   --                            ^ this elided lifetime gets resolved as `'a`
    |                   |
    |                   lifetime `'a` declared here

warning: elided lifetime has a name
   --> src\parser.rs:305:41
    |
305 | fn yield1<'a>(i: &'a str) -> ParseResult<Node<'a>> {
    |           --                            ^ this elided lifetime gets resolved as `'a`
    |           |
    |           lifetime `'a` declared here

warning: elided lifetime has a name
   --> src\parser.rs:310:41
    |
310 | fn yield2<'a>(i: &'a str) -> ParseResult<Node<'a>> {
    |           --                            ^ this elided lifetime gets resolved as `'a`
    |           |
    |           lifetime `'a` declared here

warning: elided lifetime has a name
   --> src\parser.rs:314:43
    |
314 | fn mutation<'a>(i: &'a str) -> ParseResult<Node<'a>> {
    |             --                            ^ this elided lifetime gets resolved as `'a`
    |             |
    |             lifetime `'a` declared here

warning: elided lifetime has a name
   --> src\parser.rs:353:42
    |
353 | fn ternary<'a>(i: &'a str) -> ParseResult<Node<'a>> {
    |            --                            ^ this elided lifetime gets resolved as `'a`
    |            |
    |            lifetime `'a` declared here

warning: elided lifetime has a name
   --> src\parser.rs:358:43
    |
358 | fn equality<'a>(i: &'a str) -> ParseResult<Node<'a>> {
    |             --                            ^ this elided lifetime gets resolved as `'a`
    |             |
    |             lifetime `'a` declared here

warning: elided lifetime has a name
   --> src\parser.rs:363:45
    |
363 | fn comparison<'a>(i: &'a str) -> ParseResult<Node<'a>> {
    |               --                            ^ this elided lifetime gets resolved as `'a`
    |               |
    |               lifetime `'a` declared here

warning: elided lifetime has a name
   --> src\parser.rs:373:42
    |
373 | fn bitwise<'a>(i: &'a str) -> ParseResult<Node<'a>> {
    |            --                            ^ this elided lifetime gets resolved as `'a`
    |            |
    |            lifetime `'a` declared here

warning: elided lifetime has a name
   --> src\parser.rs:378:43
    |
378 | fn logic_or<'a>(i: &'a str) -> ParseResult<Node<'a>> {
    |             --                            ^ this elided lifetime gets resolved as `'a`
    |             |
    |             lifetime `'a` declared here

warning: elided lifetime has a name
   --> src\parser.rs:382:44
    |
382 | fn logic_and<'a>(i: &'a str) -> ParseResult<Node<'a>> {
    |              --                            ^ this elided lifetime gets resolved as `'a`
    |              |
    |              lifetime `'a` declared here

warning: elided lifetime has a name
   --> src\parser.rs:386:43
    |
386 | fn coalesce<'a>(i: &'a str) -> ParseResult<Node<'a>> {
    |             --                            ^ this elided lifetime gets resolved as `'a`
    |             |
    |             lifetime `'a` declared here

warning: elided lifetime has a name
   --> src\parser.rs:390:45
    |
390 | fn bitwise_or<'a>(i: &'a str) -> ParseResult<Node<'a>> {
    |               --                            ^ this elided lifetime gets resolved as `'a`
    |               |
    |               lifetime `'a` declared here

warning: elided lifetime has a name
   --> src\parser.rs:394:46
    |
394 | fn bitwise_xor<'a>(i: &'a str) -> ParseResult<Node<'a>> {
    |                --                            ^ this elided lifetime gets resolved as `'a`
    |                |
    |                lifetime `'a` declared here

warning: elided lifetime has a name
   --> src\parser.rs:398:46
    |
398 | fn bitwise_and<'a>(i: &'a str) -> ParseResult<Node<'a>> {
    |                --                            ^ this elided lifetime gets resolved as `'a`
    |                |
    |                lifetime `'a` declared here

warning: elided lifetime has a name
   --> src\parser.rs:402:43
    |
402 | fn addition<'a>(i: &'a str) -> ParseResult<Node<'a>> {
    |             --                            ^ this elided lifetime gets resolved as `'a`
    |             |
    |             lifetime `'a` declared here

warning: elided lifetime has a name
   --> src\parser.rs:406:49
    |
406 | fn multiplication<'a>(i: &'a str) -> ParseResult<Node<'a>> {
    |                   --                            ^ this elided lifetime gets resolved as `'a`
    |                   |
    |                   lifetime `'a` declared here

warning: elided lifetime has a name
   --> src\parser.rs:410:40
    |
410 | fn power<'a>(i: &'a str) -> ParseResult<Node<'a>> {
    |          --                            ^ this elided lifetime gets resolved as `'a`
    |          |
    |          lifetime `'a` declared here

warning: elided lifetime has a name
   --> src\parser.rs:414:43
    |
414 | fn negation<'a>(i: &'a str) -> ParseResult<Node<'a>> {
    |             --                            ^ this elided lifetime gets resolved as `'a`
    |             |
    |             lifetime `'a` declared here

warning: elided lifetime has a name
   --> src\parser.rs:419:43
    |
419 | fn prefixes<'a>(i: &'a str) -> ParseResult<Node<'a>> {
    |             --                            ^ this elided lifetime gets resolved as `'a`
    |             |
    |             lifetime `'a` declared here

warning: elided lifetime has a name
   --> src\parser.rs:424:42
    |
424 | fn postfix<'a>(i: &'a str) -> ParseResult<Node<'a>> {
    |            --                            ^ this elided lifetime gets resolved as `'a`
    |            |
    |            lifetime `'a` declared here

warning: elided lifetime has a name
   --> src\parser.rs:429:43
    |
429 | fn creation<'a>(i: &'a str) -> ParseResult<Node<'a>> {
    |             --                            ^ this elided lifetime gets resolved as `'a`
    |             |
    |             lifetime `'a` declared here

warning: elided lifetime has a name
   --> src\parser.rs:433:41
    |
433 | fn action<'a>(i: &'a str) -> ParseResult<Node<'a>> {
    |           --                            ^ this elided lifetime gets resolved as `'a`
    |           |
    |           lifetime `'a` declared here

warning: elided lifetime has a name
   --> src\parser.rs:448:44
    |
448 | fn primitive<'a>(i: &'a str) -> ParseResult<Node<'a>> {
    |              --                            ^ this elided lifetime gets resolved as `'a`
    |              |
    |              lifetime `'a` declared here

warning: elided lifetime has a name
   --> src\parser.rs:474:48
    |
474 | fn jsx_attribute<'a>(i: &'a str) -> ParseResult<Node<'a>> {
    |                  --                            ^ this elided lifetime gets resolved as `'a`
    |                  |
    |                  lifetime `'a` declared here

warning: elided lifetime has a name
   --> src\parser.rs:507:53
    |
507 | fn jsx_attribute_name<'a>(i: &'a str) -> ParseResult<Node<'a>> {
    |                       --                            ^ this elided lifetime gets resolved as `'a`
    |                       |
    |                       lifetime `'a` declared here

warning: elided lifetime has a name
   --> src\parser.rs:517:83
    |
517 | fn jsx_closing_tag<'a>(expected_tag: &Node<'a>) -> impl Fn(&'a str) -> ParseResult<()> {
    |                    -- lifetime `'a` declared here                                 ^ this elided lifetime g
ets resolved as `'a`

warning: elided lifetime has a name
   --> src\parser.rs:529:47
    |
529 | fn jsx_tag_name<'a>(i: &'a str) -> ParseResult<Node<'a>> {
    |                 --                            ^ this elided lifetime gets resolved as `'a`
    |                 |
    |                 lifetime `'a` declared here

warning: elided lifetime has a name
   --> src\parser.rs:537:50
    |
537 |     fn member_expr<'a>(i: &'a str) -> ParseResult<Node<'a>> {
    |                    --                            ^ this elided lifetime gets resolved as `'a`
    |                    |
    |                    lifetime `'a` declared here

warning: elided lifetime has a name
   --> src\parser.rs:557:49
    |
557 | fn jsx_identifier<'a>(i: &'a str) -> ParseResult<Node<'a>> {
    |                   --                            ^ this elided lifetime gets resolved as `'a`
    |                   |
    |                   lifetime `'a` declared here

warning: elided lifetime has a name
   --> src\parser.rs:565:44
    |
565 | fn jsx_child<'a>(i: &'a str) -> ParseResult<Node<'a>> {
    |              --                            ^ this elided lifetime gets resolved as `'a`
    |              |
    |              lifetime `'a` declared here

warning: elided lifetime has a name
   --> src\parser.rs:587:47
    |
587 | fn jsx_fragment<'a>(i: &'a str) -> ParseResult<Node<'a>> {
    |                 --                            ^ this elided lifetime gets resolved as `'a`
    |                 |
    |                 lifetime `'a` declared here

warning: elided lifetime has a name
   --> src\parser.rs:595:50
    |
595 | fn jsx_opening_tag<'a>(i: &'a str) -> ParseResult<(Node<'a>, Vec<Node<'a>>, bool)> {
    |                    --                            ^ this elided lifetime gets resolved as `'a`
    |                    |
    |                    lifetime `'a` declared here

warning: elided lifetime has a name
   --> src\parser.rs:608:46
    |
608 | fn jsx_element<'a>(i: &'a str) -> ParseResult<Node<'a>> {
    |                --                            ^ this elided lifetime gets resolved as `'a`
    |                |
    |                lifetime `'a` declared here

warning: elided lifetime has a name
   --> src\parser.rs:621:40
    |
621 | fn octal<'a>(i: &'a str) -> ParseResult<Node<'a>> {
    |          --                            ^ this elided lifetime gets resolved as `'a`
    |          |
    |          lifetime `'a` declared here

warning: elided lifetime has a name
   --> src\parser.rs:626:39
    |
626 | fn hexa<'a>(i: &'a str) -> ParseResult<Node<'a>> {
    |         --                            ^ this elided lifetime gets resolved as `'a`
    |         |
    |         lifetime `'a` declared here

warning: elided lifetime has a name
   --> src\parser.rs:631:41
    |
631 | fn binary<'a>(i: &'a str) -> ParseResult<Node<'a>> {
    |           --                            ^ this elided lifetime gets resolved as `'a`
    |           |
    |           lifetime `'a` declared here

warning: elided lifetime has a name
   --> src\parser.rs:636:40
    |
636 | fn regex<'a>(i: &'a str) -> ParseResult<Node<'a>> {
    |          --                            ^ this elided lifetime gets resolved as `'a`
    |          |
    |          lifetime `'a` declared here

warning: elided lifetime has a name
   --> src\parser.rs:641:46
    |
641 | fn interpolate<'a>(i: &'a str) -> ParseResult<Node<'a>> {
    |                --                            ^ this elided lifetime gets resolved as `'a`
    |                |
    |                lifetime `'a` declared here

warning: elided lifetime has a name
   --> src\parser.rs:645:40
    |
645 | fn quote<'a>(i: &'a str) -> ParseResult<Node<'a>> {
    |          --                            ^ this elided lifetime gets resolved as `'a`
    |          |
    |          lifetime `'a` declared here

warning: elided lifetime has a name
   --> src\parser.rs:651:40
    |
651 | fn ident<'a>(i: &'a str) -> ParseResult<Node<'a>> {
    |          --                            ^ this elided lifetime gets resolved as `'a`
    |          |
    |          lifetime `'a` declared here

warning: elided lifetime has a name
   --> src\parser.rs:656:45
    |
656 | fn type_ident<'a>(i: &'a str) -> ParseResult<Node<'a>> {
    |               --                            ^ this elided lifetime gets resolved as `'a`
    |               |
    |               lifetime `'a` declared here

warning: elided lifetime has a name
   --> src\parser.rs:661:45
    |
661 | fn identifier<'a>(i: &'a str) -> ParseResult<&'a str> {
    |               --                            ^ this elided lifetime gets resolved as `'a`
    |               |
    |               lifetime `'a` declared here

warning: elided lifetime has a name
   --> src\parser.rs:665:40
    |
665 | fn typer<'a>(i: &'a str) -> ParseResult<&'a str> {
    |          --                            ^ this elided lifetime gets resolved as `'a`
    |          |
    |          lifetime `'a` declared here

warning: elided lifetime has a name
   --> src\parser.rs:743:41
    |
743 | fn idents<'a>(i: &'a str) -> ParseResult<Node<'a>> {
    |           --                            ^ this elided lifetime gets resolved as `'a`
    |           |
    |           lifetime `'a` declared here

warning: elided lifetime has a name
   --> src\parser.rs:748:41
    |
748 | fn object<'a>(i: &'a str) -> ParseResult<Node<'a>> {
    |           --                            ^ this elided lifetime gets resolved as `'a`
    |           |
    |           lifetime `'a` declared here

warning: elided lifetime has a name
   --> src\parser.rs:754:40
    |
754 | fn field<'a>(i: &'a str) -> ParseResult<Node<'a>> {
    |          --                            ^ this elided lifetime gets resolved as `'a`
    |          |
    |          lifetime `'a` declared here

warning: elided lifetime has a name
   --> src\parser.rs:759:42
    |
759 | fn methods<'a>(i: &'a str) -> ParseResult<Node<'a>> {
    |            --                            ^ this elided lifetime gets resolved as `'a`
    |            |
    |            lifetime `'a` declared here

warning: elided lifetime has a name
   --> src\parser.rs:763:41
    |
763 | fn statik<'a>(i: &'a str) -> ParseResult<Node<'a>> {
    |           --                            ^ this elided lifetime gets resolved as `'a`
    |           |
    |           lifetime `'a` declared here

warning: elided lifetime has a name
   --> src\parser.rs:768:41
    |
768 | fn getter<'a>(i: &'a str) -> ParseResult<Node<'a>> {
    |           --                            ^ this elided lifetime gets resolved as `'a`
    |           |
    |           lifetime `'a` declared here

warning: elided lifetime has a name
   --> src\parser.rs:772:41
    |
772 | fn setter<'a>(i: &'a str) -> ParseResult<Node<'a>> {
    |           --                            ^ this elided lifetime gets resolved as `'a`
    |           |
    |           lifetime `'a` declared here

warning: elided lifetime has a name
   --> src\parser.rs:776:44
    |
776 | fn shorthand<'a>(i: &'a str) -> ParseResult<Node<'a>> {
    |              --                            ^ this elided lifetime gets resolved as `'a`
    |              |
    |              lifetime `'a` declared here

warning: elided lifetime has a name
   --> src\parser.rs:783:40
    |
783 | fn paren<'a>(i: &'a str) -> ParseResult<Node<'a>> {
    |          --                            ^ this elided lifetime gets resolved as `'a`
    |          |
    |          lifetime `'a` declared here

warning: elided lifetime has a name
   --> src\parser.rs:788:39
    |
788 | fn list<'a>(i: &'a str) -> ParseResult<Node<'a>> {
    |         --                            ^ this elided lifetime gets resolved as `'a`
    |         |
    |         lifetime `'a` declared here

warning: elided lifetime has a name
   --> src\parser.rs:794:42
    |
794 | fn closure<'a>(i: &'a str) -> ParseResult<Node<'a>> {
    |            --                            ^ this elided lifetime gets resolved as `'a`
    |            |
    |            lifetime `'a` declared here

warning: elided lifetime has a name
   --> src\parser.rs:800:43
    |
800 | fn function<'a>(i: &'a str) -> ParseResult<Node<'a>> {
    |             --                            ^ this elided lifetime gets resolved as `'a`
    |             |
    |             lifetime `'a` declared here

warning: elided lifetime has a name
   --> src\parser.rs:814:44
    |
814 | fn generator<'a>(i: &'a str) -> ParseResult<Node<'a>> {
    |              --                            ^ this elided lifetime gets resolved as `'a`
    |              |
    |              lifetime `'a` declared here

warning: elided lifetime has a name
   --> src\parser.rs:820:40
    |
820 | fn class<'a>(i: &'a str) -> ParseResult<Node<'a>> {
    |          --                            ^ this elided lifetime gets resolved as `'a`
    |          |
    |          lifetime `'a` declared here

warning: elided lifetime has a name
   --> src\parser.rs:828:41
    |
828 | fn braces<'a>(i: &'a str) -> ParseResult<Node<'a>> {
    |           --                            ^ this elided lifetime gets resolved as `'a`
    |           |
    |           lifetime `'a` declared here

warning: elided lifetime has a name
   --> src\parser.rs:832:41
    |
832 | fn params<'a>(i: &'a str) -> ParseResult<Vec<Node<'a>>> {
    |           --                            ^ this elided lifetime gets resolved as `'a`
    |           |
    |           lifetime `'a` declared here

warning: elided lifetime has a name
   --> src\parser.rs:837:39
    |
837 | fn args<'a>(i: &'a str) -> ParseResult<Vec<Node<'a>>> {
    |         --                            ^ this elided lifetime gets resolved as `'a`
    |         |
    |         lifetime `'a` declared here

warning: elided lifetime has a name
   --> src\parser.rs:841:40
    |
841 | fn splat<'a>(i: &'a str) -> ParseResult<Node<'a>> {
    |          --                            ^ this elided lifetime gets resolved as `'a`
    |          |
    |          lifetime `'a` declared here

warning: elided lifetime has a name
   --> src\parser.rs:846:42
    |
846 | fn pattern<'a>(i: &'a str) -> ParseResult<Node<'a>> {
    |            --                            ^ this elided lifetime gets resolved as `'a`
    |            |
    |            lifetime `'a` declared here

warning: elided lifetime has a name
   --> src\parser.rs:862:47
    |
862 | fn list_pattern<'a>(i: &'a str) -> ParseResult<Node<'a>> {
    |                 --                            ^ this elided lifetime gets resolved as `'a`
    |                 |
    |                 lifetime `'a` declared here

warning: elided lifetime has a name
   --> src\parser.rs:874:49
    |
874 | fn object_pattern<'a>(i: &'a str) -> ParseResult<Node<'a>> {
    |                   --                            ^ this elided lifetime gets resolved as `'a`
    |                   |
    |                   lifetime `'a` declared here

warning: elided lifetime has a name
   --> src\parser.rs:880:43
    |
880 | fn comments<'a>(i: &'a str) -> ParseResult<&'a str> {
    |             --                            ^ this elided lifetime gets resolved as `'a`
    |             |
    |             lifetime `'a` declared here

warning: elided lifetime has a name
   --> src\parser.rs:886:49
    |
886 | fn single_comment<'a>(i: &'a str) -> ParseResult<&'a str> {
    |                   --                            ^ this elided lifetime gets resolved as `'a`
    |                   |
    |                   lifetime `'a` declared here

warning: elided lifetime has a name
   --> src\parser.rs:891:48
    |
891 | fn multi_comment<'a>(i: &'a str) -> ParseResult<&'a str> {
    |                  --                            ^ this elided lifetime gets resolved as `'a`
    |                  |
    |                  lifetime `'a` declared here

warning: elided lifetime has a name
   --> src\parser.rs:899:44
    |
899 | fn key_value<'a>(i: &'a str) -> ParseResult<Node<'a>> {
    |              --                            ^ this elided lifetime gets resolved as `'a`
    |              |
    |              lifetime `'a` declared here

warning: elided lifetime has a name
   --> src\parser.rs:911:38
    |
911 | fn end<'a>(i: &'a str) -> ParseResult<&'a str> {
    |        --                            ^ this elided lifetime gets resolved as `'a`
    |        |
    |        lifetime `'a` declared here

warning: elided lifetime has a name
    --> src\parser.rs:1147:34
     |
1145 | pub fn value<'a, P, R, V>(p: P, v: V) -> impl Fn(&'a str) -> ParseResult<V>
     |              -- lifetime `'a` declared here
1146 | where
1147 |     P: Fn(&'a str) -> ParseResult<R>,
     |                                  ^ this elided lifetime gets resolved as `'a`

warning: elided lifetime has a name
    --> src\parser.rs:1145:73
     |
1145 | pub fn value<'a, P, R, V>(p: P, v: V) -> impl Fn(&'a str) -> ParseResult<V>
     |              -- lifetime `'a` declared here                             ^ this elided lifetime gets resol
ved as `'a`

warning: elided lifetime has a name
    --> src\parser.rs:1155:34
     |
1153 | pub fn map<'a, P, F, A, B>(p: P, f: F) -> impl Fn(&'a str) -> ParseResult<B>
     |            -- lifetime `'a` declared here
1154 | where
1155 |     P: Fn(&'a str) -> ParseResult<A>,
     |                                  ^ this elided lifetime gets resolved as `'a`

warning: elided lifetime has a name
    --> src\parser.rs:1153:74
     |
1153 | pub fn map<'a, P, F, A, B>(p: P, f: F) -> impl Fn(&'a str) -> ParseResult<B>
     |            -- lifetime `'a` declared here                                ^ this elided lifetime gets reso
lved as `'a`

warning: elided lifetime has a name
    --> src\parser.rs:1163:34
     |
1161 | pub fn mapr<'a, P, F, A, B, E>(p: P, f: F) -> impl Fn(&'a str) -> ParseResult<B>
     |             -- lifetime `'a` declared here
1162 | where
1163 |     P: Fn(&'a str) -> ParseResult<A>,
     |                                  ^ this elided lifetime gets resolved as `'a`

warning: elided lifetime has a name
    --> src\parser.rs:1161:78
     |
1161 | pub fn mapr<'a, P, F, A, B, E>(p: P, f: F) -> impl Fn(&'a str) -> ParseResult<B>
     |             -- lifetime `'a` declared here                                   ^ this elided lifetime gets 
resolved as `'a`

warning: elided lifetime has a name
    --> src\parser.rs:1171:34
     |
1169 | pub fn opt<'a, P, R>(p: P) -> impl Fn(&'a str) -> ParseResult<Option<R>>
     |            -- lifetime `'a` declared here
1170 | where
1171 |     P: Fn(&'a str) -> ParseResult<R>,
     |                                  ^ this elided lifetime gets resolved as `'a`

warning: elided lifetime has a name
    --> src\parser.rs:1169:62
     |
1169 | pub fn opt<'a, P, R>(p: P) -> impl Fn(&'a str) -> ParseResult<Option<R>>
     |            -- lifetime `'a` declared here                    ^ this elided lifetime gets resolved as `'a`

warning: elided lifetime has a name
    --> src\parser.rs:1178:34
     |
1176 | pub fn pair<'a, A, B, X, Y>(a: A, b: B) -> impl Fn(&'a str) -> ParseResult<(X, Y)>
     |             -- lifetime `'a` declared here
1177 | where
1178 |     A: Fn(&'a str) -> ParseResult<X>,
     |                                  ^ this elided lifetime gets resolved as `'a`

warning: elided lifetime has a name
    --> src\parser.rs:1179:34
     |
1176 | pub fn pair<'a, A, B, X, Y>(a: A, b: B) -> impl Fn(&'a str) -> ParseResult<(X, Y)>
     |             -- lifetime `'a` declared here
...
1179 |     B: Fn(&'a str) -> ParseResult<Y>,
     |                                  ^ this elided lifetime gets resolved as `'a`

warning: elided lifetime has a name
    --> src\parser.rs:1176:75
     |
1176 | pub fn pair<'a, A, B, X, Y>(a: A, b: B) -> impl Fn(&'a str) -> ParseResult<(X, Y)>
     |             -- lifetime `'a` declared here                                ^ this elided lifetime gets res
olved as `'a`

warning: elided lifetime has a name
    --> src\parser.rs:1186:34
     |
1184 | pub fn trio<'a, A, B, C, X, Y, Z>(a: A, b: B, c: C) -> impl Fn(&'a str) -> ParseResult<(X, Y, Z)>
     |             -- lifetime `'a` declared here
1185 | where
1186 |     A: Fn(&'a str) -> ParseResult<X>,
     |                                  ^ this elided lifetime gets resolved as `'a`

warning: elided lifetime has a name
    --> src\parser.rs:1187:34
     |
1184 | pub fn trio<'a, A, B, C, X, Y, Z>(a: A, b: B, c: C) -> impl Fn(&'a str) -> ParseResult<(X, Y, Z)>
     |             -- lifetime `'a` declared here
...
1187 |     B: Fn(&'a str) -> ParseResult<Y>,
     |                                  ^ this elided lifetime gets resolved as `'a`

warning: elided lifetime has a name
    --> src\parser.rs:1188:34
     |
1184 | pub fn trio<'a, A, B, C, X, Y, Z>(a: A, b: B, c: C) -> impl Fn(&'a str) -> ParseResult<(X, Y, Z)>
     |             -- lifetime `'a` declared here
...
1188 |     C: Fn(&'a str) -> ParseResult<Z>,
     |                                  ^ this elided lifetime gets resolved as `'a`

warning: elided lifetime has a name
    --> src\parser.rs:1184:87
     |
1184 | pub fn trio<'a, A, B, C, X, Y, Z>(a: A, b: B, c: C) -> impl Fn(&'a str) -> ParseResult<(X, Y, Z)>
     |             -- lifetime `'a` declared here                                            ^ this elided lifet
ime gets resolved as `'a`

warning: elided lifetime has a name
    --> src\parser.rs:1195:34
     |
1193 | pub fn right<'a, A, B, X, Y>(a: A, b: B) -> impl Fn(&'a str) -> ParseResult<Y>
     |              -- lifetime `'a` declared here
1194 | where
1195 |     A: Fn(&'a str) -> ParseResult<X>,
     |                                  ^ this elided lifetime gets resolved as `'a`

warning: elided lifetime has a name
    --> src\parser.rs:1196:34
     |
1193 | pub fn right<'a, A, B, X, Y>(a: A, b: B) -> impl Fn(&'a str) -> ParseResult<Y>
     |              -- lifetime `'a` declared here
...
1196 |     B: Fn(&'a str) -> ParseResult<Y>,
     |                                  ^ this elided lifetime gets resolved as `'a`

warning: elided lifetime has a name
    --> src\parser.rs:1193:76
     |
1193 | pub fn right<'a, A, B, X, Y>(a: A, b: B) -> impl Fn(&'a str) -> ParseResult<Y>
     |              -- lifetime `'a` declared here                                ^ this elided lifetime gets re
solved as `'a`

warning: elided lifetime has a name
    --> src\parser.rs:1203:34
     |
1201 | pub fn left<'a, A, B, X, Y>(a: A, b: B) -> impl Fn(&'a str) -> ParseResult<X>
     |             -- lifetime `'a` declared here
1202 | where
1203 |     A: Fn(&'a str) -> ParseResult<X>,
     |                                  ^ this elided lifetime gets resolved as `'a`

warning: elided lifetime has a name
    --> src\parser.rs:1204:34
     |
1201 | pub fn left<'a, A, B, X, Y>(a: A, b: B) -> impl Fn(&'a str) -> ParseResult<X>
     |             -- lifetime `'a` declared here
...
1204 |     B: Fn(&'a str) -> ParseResult<Y>,
     |                                  ^ this elided lifetime gets resolved as `'a`

warning: elided lifetime has a name
    --> src\parser.rs:1201:75
     |
1201 | pub fn left<'a, A, B, X, Y>(a: A, b: B) -> impl Fn(&'a str) -> ParseResult<X>
     |             -- lifetime `'a` declared here                                ^ this elided lifetime gets res
olved as `'a`

warning: elided lifetime has a name
    --> src\parser.rs:1211:34
     |
1209 | pub fn middle<'a, A, B, C, X, Y, Z>(a: A, b: B, c: C) -> impl Fn(&'a str) -> ParseResult<Y>
     |               -- lifetime `'a` declared here
1210 | where
1211 |     A: Fn(&'a str) -> ParseResult<X>,
     |                                  ^ this elided lifetime gets resolved as `'a`

warning: elided lifetime has a name
    --> src\parser.rs:1212:34
     |
1209 | pub fn middle<'a, A, B, C, X, Y, Z>(a: A, b: B, c: C) -> impl Fn(&'a str) -> ParseResult<Y>
     |               -- lifetime `'a` declared here
...
1212 |     B: Fn(&'a str) -> ParseResult<Y>,
     |                                  ^ this elided lifetime gets resolved as `'a`

warning: elided lifetime has a name
    --> src\parser.rs:1213:34
     |
1209 | pub fn middle<'a, A, B, C, X, Y, Z>(a: A, b: B, c: C) -> impl Fn(&'a str) -> ParseResult<Y>
     |               -- lifetime `'a` declared here
...
1213 |     C: Fn(&'a str) -> ParseResult<Z>,
     |                                  ^ this elided lifetime gets resolved as `'a`

warning: elided lifetime has a name
    --> src\parser.rs:1209:89
     |
1209 | pub fn middle<'a, A, B, C, X, Y, Z>(a: A, b: B, c: C) -> impl Fn(&'a str) -> ParseResult<Y>
     |               -- lifetime `'a` declared here                                            ^ this elided lif
etime gets resolved as `'a`

warning: elided lifetime has a name
    --> src\parser.rs:1220:34
     |
1218 | pub fn outer<'a, A, B, C, X, Y, Z>(a: A, b: B, c: C) -> impl Fn(&'a str) -> ParseResult<(X, Z)>
     |              -- lifetime `'a` declared here
1219 | where
1220 |     A: Fn(&'a str) -> ParseResult<X>,
     |                                  ^ this elided lifetime gets resolved as `'a`

warning: elided lifetime has a name
    --> src\parser.rs:1221:34
     |
1218 | pub fn outer<'a, A, B, C, X, Y, Z>(a: A, b: B, c: C) -> impl Fn(&'a str) -> ParseResult<(X, Z)>
     |              -- lifetime `'a` declared here
...
1221 |     B: Fn(&'a str) -> ParseResult<Y>,
     |                                  ^ this elided lifetime gets resolved as `'a`

warning: elided lifetime has a name
    --> src\parser.rs:1222:34
     |
1218 | pub fn outer<'a, A, B, C, X, Y, Z>(a: A, b: B, c: C) -> impl Fn(&'a str) -> ParseResult<(X, Z)>
     |              -- lifetime `'a` declared here
...
1222 |     C: Fn(&'a str) -> ParseResult<Z>,
     |                                  ^ this elided lifetime gets resolved as `'a`

warning: elided lifetime has a name
    --> src\parser.rs:1218:88
     |
1218 | pub fn outer<'a, A, B, C, X, Y, Z>(a: A, b: B, c: C) -> impl Fn(&'a str) -> ParseResult<(X, Z)>
     |              -- lifetime `'a` declared here                                            ^ this elided life
time gets resolved as `'a`

warning: elided lifetime has a name
    --> src\parser.rs:1227:71
     |
1227 | pub fn one_of<'a>(opts: &'a [&str]) -> impl Fn(&'a str) -> ParseResult<&str> {
     |               -- lifetime `'a` declared here                          ^ this elided lifetime gets resolve
d as `'a`

warning: elided lifetime has a name
    --> src\parser.rs:1227:72
     |
1227 | pub fn one_of<'a>(opts: &'a [&str]) -> impl Fn(&'a str) -> ParseResult<&str> {
     |               -- lifetime `'a` declared here                           ^ this elided lifetime gets resolv
ed as `'a`

warning: elided lifetime has a name
    --> src\parser.rs:1238:65
     |
1238 | pub fn choice<'a, P, R>(p: P) -> impl Fn(&'a str) -> ParseResult<R>
     |               -- lifetime `'a` declared here                    ^ this elided lifetime gets resolved as `
'a`

warning: elided lifetime has a name
    --> src\parser.rs:1245:66
     |
1245 | pub fn take_while<'a, P>(p: P) -> impl Fn(&'a str) -> ParseResult<&str>
     |                   -- lifetime `'a` declared here                 ^ this elided lifetime gets resolved as 
`'a`

warning: elided lifetime has a name
    --> src\parser.rs:1245:67
     |
1245 | pub fn take_while<'a, P>(p: P) -> impl Fn(&'a str) -> ParseResult<&str>
     |                   -- lifetime `'a` declared here                  ^ this elided lifetime gets resolved as
 `'a`

warning: elided lifetime has a name
    --> src\parser.rs:1262:34
     |
1260 | pub fn peek<'a, P, R>(p: P) -> impl Fn(&'a str) -> ParseResult<R>
     |             -- lifetime `'a` declared here
1261 | where
1262 |     P: Fn(&'a str) -> ParseResult<R>,
     |                                  ^ this elided lifetime gets resolved as `'a`

warning: elided lifetime has a name
    --> src\parser.rs:1260:63
     |
1260 | pub fn peek<'a, P, R>(p: P) -> impl Fn(&'a str) -> ParseResult<R>
     |             -- lifetime `'a` declared here                    ^ this elided lifetime gets resolved as `'a
`

warning: elided lifetime has a name
    --> src\parser.rs:1269:34
     |
1267 | pub fn capture<'a, P, R>(p: P) -> impl Fn(&'a str) -> ParseResult<&'a str>
     |                -- lifetime `'a` declared here
1268 | where
1269 |     P: Fn(&'a str) -> ParseResult<R>,
     |                                  ^ this elided lifetime gets resolved as `'a`

warning: elided lifetime has a name
    --> src\parser.rs:1267:66
     |
1267 | pub fn capture<'a, P, R>(p: P) -> impl Fn(&'a str) -> ParseResult<&'a str>
     |                -- lifetime `'a` declared here                    ^ this elided lifetime gets resolved as 
`'a`

warning: elided lifetime has a name
    --> src\parser.rs:1276:34
     |
1274 | pub fn reserved<'a, P>(p: P, words: &'a [&'a str]) -> impl Fn(&'a str) -> ParseResult<&'a str>
     |                 -- lifetime `'a` declared here
1275 | where
1276 |     P: Fn(&'a str) -> ParseResult<&'a str>,
     |                                  ^ this elided lifetime gets resolved as `'a`

warning: elided lifetime has a name
    --> src\parser.rs:1274:86
     |
1274 | pub fn reserved<'a, P>(p: P, words: &'a [&'a str]) -> impl Fn(&'a str) -> ParseResult<&'a str>
     |                 -- lifetime `'a` declared here                                       ^ this elided lifeti
me gets resolved as `'a`

warning: elided lifetime has a name
    --> src\parser.rs:1287:34
     |
1285 | pub fn many<'a, P, R>(p: P) -> impl Fn(&'a str) -> ParseResult<Vec<R>>
     |             -- lifetime `'a` declared here
1286 | where
1287 |     P: Fn(&'a str) -> ParseResult<R>,
     |                                  ^ this elided lifetime gets resolved as `'a`

warning: elided lifetime has a name
    --> src\parser.rs:1285:63
     |
1285 | pub fn many<'a, P, R>(p: P) -> impl Fn(&'a str) -> ParseResult<Vec<R>>
     |             -- lifetime `'a` declared here                    ^ this elided lifetime gets resolved as `'a
`

warning: elided lifetime has a name
    --> src\parser.rs:1301:34
     |
1299 | pub fn chain<'a, S, P, R1, R2>(sep: S, p: P) -> impl Fn(&'a str) -> ParseResult<Vec<R2>>
     |              -- lifetime `'a` declared here
1300 | where
1301 |     S: Fn(&'a str) -> ParseResult<R1>,
     |                                  ^ this elided lifetime gets resolved as `'a`

warning: elided lifetime has a name
    --> src\parser.rs:1302:34
     |
1299 | pub fn chain<'a, S, P, R1, R2>(sep: S, p: P) -> impl Fn(&'a str) -> ParseResult<Vec<R2>>
     |              -- lifetime `'a` declared here
...
1302 |     P: Fn(&'a str) -> ParseResult<R2>,
     |                                  ^ this elided lifetime gets resolved as `'a`

warning: elided lifetime has a name
    --> src\parser.rs:1299:80
     |
1299 | pub fn chain<'a, S, P, R1, R2>(sep: S, p: P) -> impl Fn(&'a str) -> ParseResult<Vec<R2>>
     |              -- lifetime `'a` declared here                                    ^ this elided lifetime get
s resolved as `'a`

warning: elided lifetime has a name
    --> src\parser.rs:1325:34
     |
1323 | pub fn infix<'a, P, O, R, S>(p: P, o: O) -> impl Fn(&'a str) -> ParseResult<(R, Vec<(S, R)>)>
     |              -- lifetime `'a` declared here
1324 | where
1325 |     P: Fn(&'a str) -> ParseResult<R> + 'a,
     |                                  ^ this elided lifetime gets resolved as `'a`

warning: elided lifetime has a name
    --> src\parser.rs:1326:34
     |
1323 | pub fn infix<'a, P, O, R, S>(p: P, o: O) -> impl Fn(&'a str) -> ParseResult<(R, Vec<(S, R)>)>
     |              -- lifetime `'a` declared here
...
1326 |     O: Fn(&'a str) -> ParseResult<S> + 'a,
     |                                  ^ this elided lifetime gets resolved as `'a`

warning: elided lifetime has a name
    --> src\parser.rs:1323:76
     |
1323 | pub fn infix<'a, P, O, R, S>(p: P, o: O) -> impl Fn(&'a str) -> ParseResult<(R, Vec<(S, R)>)>
     |              -- lifetime `'a` declared here                                ^ this elided lifetime gets re
solved as `'a`

warning: elided lifetime has a name
    --> src\parser.rs:1341:34
     |
1339 | pub fn prefix<'a, P, Q, X, Y>(p: P, q: Q) -> impl Fn(&'a str) -> ParseResult<(Vec<X>, Y)>
     |               -- lifetime `'a` declared here
1340 | where
1341 |     P: Fn(&'a str) -> ParseResult<X>,
     |                                  ^ this elided lifetime gets resolved as `'a`

warning: elided lifetime has a name
    --> src\parser.rs:1342:34
     |
1339 | pub fn prefix<'a, P, Q, X, Y>(p: P, q: Q) -> impl Fn(&'a str) -> ParseResult<(Vec<X>, Y)>
     |               -- lifetime `'a` declared here
...
1342 |     Q: Fn(&'a str) -> ParseResult<Y>,
     |                                  ^ this elided lifetime gets resolved as `'a`

warning: elided lifetime has a name
    --> src\parser.rs:1339:77
     |
1339 | pub fn prefix<'a, P, Q, X, Y>(p: P, q: Q) -> impl Fn(&'a str) -> ParseResult<(Vec<X>, Y)>
     |               -- lifetime `'a` declared here                                ^ this elided lifetime gets r
esolved as `'a`

warning: elided lifetime has a name
    --> src\parser.rs:1349:34
     |
1347 | pub fn boxed<'a, P, R>(i: P) -> impl Fn(&'a str) -> ParseResult<Box<R>>
     |              -- lifetime `'a` declared here
1348 | where
1349 |     P: Fn(&'a str) -> ParseResult<R>,
     |                                  ^ this elided lifetime gets resolved as `'a`

warning: elided lifetime has a name
    --> src\parser.rs:1347:64
     |
1347 | pub fn boxed<'a, P, R>(i: P) -> impl Fn(&'a str) -> ParseResult<Box<R>>
     |              -- lifetime `'a` declared here                    ^ this elided lifetime gets resolved as `'
a`

warning: elided lifetime has a name
    --> src\parser.rs:1354:70
     |
1354 | pub fn string<'a>(q: &'static str) -> impl Fn(&'a str) -> ParseResult<String> {
     |               -- lifetime `'a` declared here                         ^ this elided lifetime gets resolved
 as `'a`

warning: elided lifetime has a name
    --> src\parser.rs:1378:61
     |
1378 | pub fn number<'a>(b: u32) -> impl Fn(&'a str) -> ParseResult<u64> {
     |               -- lifetime `'a` declared here                ^ this elided lifetime gets resolved as `'a`

warning: elided lifetime has a name
    --> src\parser.rs:1408:34
     |
1406 | pub fn strip_type<'a, P, R>(p: P) -> impl Fn(&'a str) -> ParseResult<&'a str> + 'a
     |                   -- lifetime `'a` declared here
1407 | where
1408 |     P: Fn(&'a str) -> ParseResult<R> + 'a,
     |                                  ^ this elided lifetime gets resolved as `'a`

warning: elided lifetime has a name
    --> src\parser.rs:1406:69
     |
1406 | pub fn strip_type<'a, P, R>(p: P) -> impl Fn(&'a str) -> ParseResult<&'a str> + 'a
     |                   -- lifetime `'a` declared here                    ^ this elided lifetime gets resolved 
as `'a`

warning: elided lifetime has a name
    --> src\parser.rs:1429:51
     |
1429 | fn ws<'a, T>(item: impl Fn(&'a str) -> ParseResult<T>) -> impl Fn(&'a str) -> ParseResult<T> {
     |       -- lifetime `'a` declared here              ^ this elided lifetime gets resolved as `'a`

warning: elided lifetime has a name
    --> src\parser.rs:1429:90
     |
1429 | fn ws<'a, T>(item: impl Fn(&'a str) -> ParseResult<T>) -> impl Fn(&'a str) -> ParseResult<T> {
     |       -- lifetime `'a` declared here                                                     ^ this elided li
fetime gets resolved as `'a`

warning: elided lifetime has a name
    --> src\parser.rs:1433:51
     |
1433 | fn st<'a, T>(item: impl Fn(&'a str) -> ParseResult<T>) -> impl Fn(&'a str) -> ParseResult<T> {
     |       -- lifetime `'a` declared here              ^ this elided lifetime gets resolved as `'a`

warning: elided lifetime has a name
    --> src\parser.rs:1433:90
     |
1433 | fn st<'a, T>(item: impl Fn(&'a str) -> ParseResult<T>) -> impl Fn(&'a str) -> ParseResult<T> {
     |       -- lifetime `'a` declared here                                                     ^ this elided li
fetime gets resolved as `'a`

warning: unnecessary parentheses around pattern
  --> src\printer.rs:93:26
   |
93 |             Node::Import((spec)) => self.print_import(spec),
   |                          ^    ^
   |
   = note: `#[warn(unused_parens)]` on by default
help: remove these parentheses
   |
93 -             Node::Import((spec)) => self.print_import(spec),
93 +             Node::Import(spec) => self.print_import(spec),
   |

warning: value assigned to `imports` is never read
  --> src\bundler.rs:59:13
   |
59 |     let mut imports = Imports::new();
   |             ^^^^^^^
   |
   = help: maybe it is overwritten before being read?
   = note: `#[warn(unused_assignments)]` on by default

warning: value assigned to `exports` is never read
  --> src\bundler.rs:60:13
   |
60 |     let mut exports = Exports::new();
   |             ^^^^^^^
   |
   = help: maybe it is overwritten before being read?

warning: function `st` is never used
    --> src\parser.rs:1433:4
     |
1433 | fn st<'a, T>(item: impl Fn(&'a str) -> ParseResult<T>) -> impl Fn(&'a str) -> ParseResult<T> {
     |    ^^
     |
     = note: `#[warn(dead_code)]` on by default

warning: `yjc` (lib) generated 159 warnings (run `cargo fix --lib -p yjc` to apply 1 suggestion)
warning: `yjc` (lib test) generated 159 warnings (159 duplicates)
warning: unused imports: `Node`, `block`, `printer::Printer`, `statement`, and `walk`
 --> src\main.rs:2:84
  |
2 |     bundler::{build_asset_graph, emit_bundles, generate_bundles, Config}, parser::{block, statement, walk, N
ode}, printer::Printer
  |                                                                                    ^^^^^  ^^^^^^^^^  ^^^^  ^
^^^   ^^^^^^^^^^^^^^^^
  |
  = note: `#[warn(unused_imports)]` on by default

warning: unused import: `transform`
 --> tests\parser_tests.rs:2:24
  |
2 | use yjc::transformer::{transform};
  |                        ^^^^^^^^^
  |
  = note: `#[warn(unused_imports)]` on by default

warning: `yjc` (bin "yjc" test) generated 1 warning (run `cargo fix --bin "yjc" --tests` to apply 1 suggestion)
warning: `yjc` (bin "yjc") generated 1 warning (1 duplicate)
warning: `yjc` (test "parser_tests") generated 1 warning (run `cargo fix --test "parser_tests"` to apply 1 sugge
stion)
    Finished `test` profile [unoptimized + debuginfo] target(s) in 0.06s
     Running unittests src\lib.rs (target\debug\deps\yjc-9eaf5bb65e4e919e.exe)

running 0 tests

test result: ok. 0 passed; 0 failed; 0 ignored; 0 measured; 0 filtered out; finished in 0.00s

     Running unittests src\main.rs (target\debug\deps\yjc-dad8f2eeeb391711.exe)

running 0 tests

test result: ok. 0 passed; 0 failed; 0 ignored; 0 measured; 0 filtered out; finished in 0.00s

     Running tests\combinators_test.rs (target\debug\deps\combinators_test-244462e61a5661bc.exe)

running 0 tests

test result: ok. 0 passed; 0 failed; 0 ignored; 0 measured; 27 filtered out; finished in 0.00s

     Running tests\parser_tests.rs (target\debug\deps\parser_tests-fc1d4fc2d9130037.exe)

running 1 test

thread 'text_parse_fixtures' panicked at tests\parser_tests.rs:14:9:
assertion `left == right` failed: Expected ''. File: E:\www\ijc\tests/fixtures/parser\typescript.js
  left: "// 澶嶆潅娉涘瀷\r\nconst map: Map<string, Array<number>> = new Map();"
 right: ""
note: run with `RUST_BACKTRACE=1` environment variable to display a backtrace
test text_parse_fixtures ... FAILED

failures:

failures:
    text_parse_fixtures

test result: FAILED. 0 passed; 1 failed; 0 ignored; 0 measured; 31 filtered out; finished in 0.04s

error: test failed, to rerun pass `--test parser_tests`
